../Src/main.c:79:5:main	8	static
../Src/main.c:161:6:delayMs	24	static
../Src/main.c:169:6:uart_write	16	static
../Src/main.c:181:6:uart3_tx_init	8	static
../Src/main.c:226:6:uart_enable	16	static
../Src/main.c:231:6:set_uart_transfer_direction	16	static
../Src/main.c:237:6:uart_set_baudrate	24	static
../Src/main.c:242:6:config_uart_parameters	24	static
../Src/main.c:250:6:set_ahb1_periphclock	16	static
../Src/main.c:256:6:set_ahb2_periphclock	16	static
../Src/main.c:262:6:set_apb1_periphclock	16	static
../Src/main.c:268:6:set_apb2_periphclock	16	static
../Src/main.c:275:6:set_pin_mode	40	static,ignoring_inline_asm
../Src/main.c:308:10:comput_uart_div	16	static
