20:28:29 **** Incremental Build of configuration Debug for project NUCLEO_F746ZG_HAL_GPIO ****
make -j20 all 
arm-none-eabi-gcc "../Core/Src/main.c" -mcpu=cortex-m7 -std=gnu11 -g3 -DDEBUG -DUSE_HAL_DRIVER -DSTM32F746xx -c -I../Core/Inc -I../Drivers/STM32F7xx_HAL_Driver/Inc -I../Drivers/STM32F7xx_HAL_Driver/Inc/Legacy -I../Drivers/CMSIS/Device/ST/STM32F7xx/Include -I../Drivers/CMSIS/Include -O0 -ffunction-sections -fdata-sections -Wall -fstack-usage -fcyclomatic-complexity -MMD -MP -MF"Core/Src/main.d" -MT"Core/Src/main.o" --specs=nano.specs -mfpu=fpv5-sp-d16 -mfloat-abi=hard -mthumb -o "Core/Src/main.o"
arm-none-eabi-gcc -o "NUCLEO_F746ZG_HAL_GPIO.elf" @"objects.list"   -mcpu=cortex-m7 -T"E:\workspace_1.14.0\NUCLEO_F746ZG_HAL_GPIO\STM32F746ZGTX_FLASH.ld" --specs=nosys.specs -Wl,-Map="NUCLEO_F746ZG_HAL_GPIO.map" -Wl,--gc-sections -static --specs=nano.specs -mfpu=fpv5-sp-d16 -mfloat-abi=hard -mthumb -Wl,--start-group -lc -lm -Wl,--end-group
Finished building target: NUCLEO_F746ZG_HAL_GPIO.elf
 
arm-none-eabi-size  NUCLEO_F746ZG_HAL_GPIO.elf 
arm-none-eabi-objdump -h -S NUCLEO_F746ZG_HAL_GPIO.elf  > "NUCLEO_F746ZG_HAL_GPIO.list"
   text	   data	    bss	    dec	    hex	filename
  15808	    340	   3236	  19384	   4bb8	NUCLEO_F746ZG_HAL_GPIO.elf
Finished building: default.size.stdout
 
Finished building: NUCLEO_F746ZG_HAL_GPIO.list
 
20:28:39 **** Incremental Build of configuration Debug for project NUCLEO_F746ZG_HAL_GPIO ****
make -j20 all 
arm-none-eabi-size  NUCLEO_F746ZG_HAL_GPIO.elf 
   text	   data	    bss	    dec	    hex	filename
  15808	    340	   3236	  19384	   4bb8	NUCLEO_F746ZG_HAL_GPIO.elf
Finished building: default.size.stdout
 
