11:57:11 **** Incremental Build of configuration Debug for project STM32F429I_DISC1_7Segment ****
make -j20 all 
arm-none-eabi-gcc "../Core/Src/main.c" -mcpu=cortex-m4 -std=gnu11 -g3 -DDEBUG -DUSE_HAL_DRIVER -DSTM32F429xx -c -I../Core/Inc -I../Drivers/STM32F4xx_HAL_Driver/Inc -I../Drivers/STM32F4xx_HAL_Driver/Inc/Legacy -I../Drivers/CMSIS/Device/ST/STM32F4xx/Include -I../Drivers/CMSIS/Include -O0 -ffunction-sections -fdata-sections -Wall -fstack-usage -fcyclomatic-complexity -MMD -MP -MF"Core/Src/main.d" -MT"Core/Src/main.o" --specs=nano.specs -mfpu=fpv4-sp-d16 -mfloat-abi=hard -mthumb -o "Core/Src/main.o"
arm-none-eabi-gcc -o "STM32F429I_DISC1_7Segment.elf" @"objects.list"   -mcpu=cortex-m4 -T"E:\workspace_1.14.0\STM32F429I_DISC1_7Segment\STM32F429ZITX_FLASH.ld" --specs=nosys.specs -Wl,-Map="STM32F429I_DISC1_7Segment.map" -Wl,--gc-sections -static --specs=nano.specs -mfpu=fpv4-sp-d16 -mfloat-abi=hard -mthumb -Wl,--start-group -lc -lm -Wl,--end-group
Finished building target: STM32F429I_DISC1_7Segment.elf
 
arm-none-eabi-size  STM32F429I_DISC1_7Segment.elf 
arm-none-eabi-objdump -h -S STM32F429I_DISC1_7Segment.elf  > "STM32F429I_DISC1_7Segment.list"
   text	   data	    bss	    dec	    hex	filename
   5908	     20	   1572	   7500	   1d4c	STM32F429I_DISC1_7Segment.elf
Finished building: default.size.stdout
 
Finished building: STM32F429I_DISC1_7Segment.list
 

11:57:13 Build Finished. 0 errors, 0 warnings. (took 2s.812ms)

